// Jest Snapshot v1, https://goo.gl/fbAQLP

exports[`Metrics matches snapshot 1`] = `
<div
  className="container"
>
  <DashboardHeader
    onChange={[Function]}
    runtimeName="runtimeName"
    setViewAllData={[Function]}
    submit={[Function]}
    value={[Function]}
    versionName="versionName"
    viewAllData={false}
  />
  <Charts
    data={Object {}}
    expanded=""
    toggleExpanded={[Function]}
    viewAllData={false}
  />
</div>
`;
