// Jest Snapshot v1, https://goo.gl/fbAQLP

exports[`LogItem matches snapshot 1`] = `
<Component
  actions={
    Array [
      Object {
        "Icon": Object {
          "$$typeof": Symbol(react.memo),
          "compare": null,
          "type": Object {
            "$$typeof": Symbol(react.forward_ref),
            "render": [Function],
          },
        },
        "callToAction": [Function],
        "text": "copy log message",
      },
      Object {
        "Icon": Object {
          "$$typeof": Symbol(react.memo),
          "compare": null,
          "type": Object {
            "$$typeof": Symbol(react.forward_ref),
            "render": [Function],
          },
        },
        "callToAction": [Function],
        "text": "copy complete log trace",
      },
    ]
  }
>
  <div>
    <div
      className="container DEBUG"
    >
      <div
        className="row1 DEBUG"
      >
        <div
          className="icon"
        >
          <LevelIcon
            level="DEBUG"
          />
        </div>
        <div
          className="date"
        >
          2020-01-01
        </div>
        <div
          className="hour"
        >
          00:00:00.000
        </div>
        <div
          className="workflow"
          title=""
        />
        <div
          className="node"
          title="nodeName"
        >
          nodeName
        </div>
        <div
          className="message"
        >
          some message
        </div>
        <div
          className="expand"
          onClick={[Function]}
        >
          <Memo(ForwardRef(ArrowDownwardIcon))
            className="icon-regular"
          />
        </div>
      </div>
    </div>
  </div>
</Component>
`;
