// Jest Snapshot v1, https://goo.gl/fbAQLP

exports[`DashboardTitle matches snapshot 1`] = `
<div
  className="container"
>
  <div
    className="title"
  >
    Metrics for runtimeName - versionName
  </div>
  <div
    className="dateFilter"
  >
    <Z
      addTimeControls={true}
      hideError={true}
      label=""
      onChangeFromDateInput={[Function]}
      onChangeToDateInput={[Function]}
      onClose={[Function]}
    />
  </div>
  <P
    Icon={
      Object {
        "$$typeof": Symbol(react.memo),
        "compare": null,
        "type": Object {
          "$$typeof": Symbol(react.forward_ref),
          "render": [Function],
        },
      }
    }
    className="visibilityIcon"
    iconSize="icon-regular"
    label=""
    onClick={[Function]}
    title="Enable show all data values"
  />
</div>
`;
