// Jest Snapshot v1, https://goo.gl/fbAQLP

exports[`VersionMenu matches snapshot 1`] = `
<BrowserRouter>
  <Router
    history={
      Object {
        "action": "POP",
        "block": [Function],
        "createHref": [Function],
        "go": [Function],
        "goBack": [Function],
        "goForward": [Function],
        "length": 1,
        "listen": [Function],
        "location": Object {
          "hash": "",
          "pathname": "/",
          "search": "",
          "state": undefined,
        },
        "push": [Function],
        "replace": [Function],
      }
    }
  >
    <VersionMenu
      runtime={
        Object {
          "__typename": "Runtime",
          "description": "Some Description",
          "id": "runtimeId",
          "measurementsUrl": "measurementsUrl",
          "name": "runtimeName",
        }
      }
      version={
        Object {
          "__typename": "Version",
          "config": Object {
            "completed": false,
            "vars": Array [],
          },
          "creationAuthor": Object {
            "__typename": "User",
            "email": "user@domain.com",
            "id": "userId",
          },
          "creationDate": "2020/01/01",
          "description": "versionDescription",
          "errors": Array [],
          "hasDoc": false,
          "id": "versionId",
          "name": "versionName",
          "publicationAuthor": Object {
            "__typename": "User",
            "email": "user@domain.com",
            "id": "userId",
          },
          "publicationDate": "2020/01/01",
          "status": "STARTED",
        }
      }
    >
      <div
        className="wrapper"
      >
        <VersionMenuItem
          Icon={
            Object {
              "$$typeof": Symbol(react.memo),
              "compare": null,
              "displayName": "DeviceHubIcon",
              "muiName": "SvgIcon",
              "type": Object {
                "$$typeof": Symbol(react.forward_ref),
                "render": [Function],
              },
            }
          }
          exact={false}
          key="STATUS-/versions/versionName/status"
          label="STATUS"
          to="/versions/versionName/status"
        >
          <NavLink
            activeClassName="active"
            exact={false}
            replace={true}
            to="/versions/versionName/status"
          >
            <Link
              aria-current={null}
              replace={true}
              to={
                Object {
                  "hash": "",
                  "pathname": "/versions/versionName/status",
                  "search": "",
                  "state": null,
                }
              }
            >
              <LinkAnchor
                aria-current={null}
                href="/versions/versionName/status"
                navigate={[Function]}
              >
                <a
                  aria-current={null}
                  href="/versions/versionName/status"
                  onClick={[Function]}
                >
                  <div
                    className="item"
                  >
                    <div
                      className="icon"
                    >
                      <ForwardRef
                        className="icon-regular"
                      >
                        <WithStyles(ForwardRef(SvgIcon))
                          className="icon-regular"
                        >
                          <ForwardRef(SvgIcon)
                            className="icon-regular"
                            classes={
                              Object {
                                "colorAction": "MuiSvgIcon-colorAction",
                                "colorDisabled": "MuiSvgIcon-colorDisabled",
                                "colorError": "MuiSvgIcon-colorError",
                                "colorPrimary": "MuiSvgIcon-colorPrimary",
                                "colorSecondary": "MuiSvgIcon-colorSecondary",
                                "fontSizeInherit": "MuiSvgIcon-fontSizeInherit",
                                "fontSizeLarge": "MuiSvgIcon-fontSizeLarge",
                                "fontSizeSmall": "MuiSvgIcon-fontSizeSmall",
                                "root": "MuiSvgIcon-root",
                              }
                            }
                          >
                            <svg
                              aria-hidden={true}
                              className="MuiSvgIcon-root icon-regular"
                              focusable="false"
                              viewBox="0 0 24 24"
                            >
                              <path
                                d="M17 16l-4-4V8.82C14.16 8.4 15 7.3 15 6c0-1.66-1.34-3-3-3S9 4.34 9 6c0 1.3.84 2.4 2 2.82V12l-4 4H3v5h5v-3.05l4-4.2 4 4.2V21h5v-5h-4z"
                              />
                            </svg>
                          </ForwardRef(SvgIcon)>
                        </WithStyles(ForwardRef(SvgIcon))>
                      </ForwardRef>
                    </div>
                    <span>
                      STATUS
                    </span>
                  </div>
                </a>
              </LinkAnchor>
            </Link>
          </NavLink>
        </VersionMenuItem>
        <VersionMenuItem
          Icon={
            Object {
              "$$typeof": Symbol(react.memo),
              "compare": null,
              "displayName": "ShowChartIcon",
              "muiName": "SvgIcon",
              "type": Object {
                "$$typeof": Symbol(react.forward_ref),
                "render": [Function],
              },
            }
          }
          key="PREDICTIONS-/versions/versionName/metrics"
          label="PREDICTIONS"
          to="/versions/versionName/metrics"
        >
          <NavLink
            activeClassName="active"
            replace={true}
            to="/versions/versionName/metrics"
          >
            <Link
              aria-current={null}
              replace={true}
              to={
                Object {
                  "hash": "",
                  "pathname": "/versions/versionName/metrics",
                  "search": "",
                  "state": null,
                }
              }
            >
              <LinkAnchor
                aria-current={null}
                href="/versions/versionName/metrics"
                navigate={[Function]}
              >
                <a
                  aria-current={null}
                  href="/versions/versionName/metrics"
                  onClick={[Function]}
                >
                  <div
                    className="item"
                  >
                    <div
                      className="icon"
                    >
                      <ForwardRef
                        className="icon-regular"
                      >
                        <WithStyles(ForwardRef(SvgIcon))
                          className="icon-regular"
                        >
                          <ForwardRef(SvgIcon)
                            className="icon-regular"
                            classes={
                              Object {
                                "colorAction": "MuiSvgIcon-colorAction",
                                "colorDisabled": "MuiSvgIcon-colorDisabled",
                                "colorError": "MuiSvgIcon-colorError",
                                "colorPrimary": "MuiSvgIcon-colorPrimary",
                                "colorSecondary": "MuiSvgIcon-colorSecondary",
                                "fontSizeInherit": "MuiSvgIcon-fontSizeInherit",
                                "fontSizeLarge": "MuiSvgIcon-fontSizeLarge",
                                "fontSizeSmall": "MuiSvgIcon-fontSizeSmall",
                                "root": "MuiSvgIcon-root",
                              }
                            }
                          >
                            <svg
                              aria-hidden={true}
                              className="MuiSvgIcon-root icon-regular"
                              focusable="false"
                              viewBox="0 0 24 24"
                            >
                              <path
                                d="M3.5 18.49l6-6.01 4 4L22 6.92l-1.41-1.41-7.09 7.97-4-4L2 16.99z"
                              />
                            </svg>
                          </ForwardRef(SvgIcon)>
                        </WithStyles(ForwardRef(SvgIcon))>
                      </ForwardRef>
                    </div>
                    <span>
                      PREDICTIONS
                    </span>
                  </div>
                </a>
              </LinkAnchor>
            </Link>
          </NavLink>
        </VersionMenuItem>
        <VersionMenuItem
          Icon={
            Object {
              "$$typeof": Symbol(react.memo),
              "compare": null,
              "displayName": "SettingsIcon",
              "muiName": "SvgIcon",
              "type": Object {
                "$$typeof": Symbol(react.forward_ref),
                "render": [Function],
              },
            }
          }
          key="CONFIGURATION-/versions/versionName/configuration"
          label="CONFIGURATION"
          to="/versions/versionName/configuration"
          warning="Configuration is not completed"
        >
          <NavLink
            activeClassName="active"
            replace={true}
            to="/versions/versionName/configuration"
          >
            <Link
              aria-current={null}
              replace={true}
              to={
                Object {
                  "hash": "",
                  "pathname": "/versions/versionName/configuration",
                  "search": "",
                  "state": null,
                }
              }
            >
              <LinkAnchor
                aria-current={null}
                href="/versions/versionName/configuration"
                navigate={[Function]}
              >
                <a
                  aria-current={null}
                  href="/versions/versionName/configuration"
                  onClick={[Function]}
                >
                  <div
                    className="item"
                  >
                    <div
                      className="icon"
                    >
                      <ForwardRef
                        className="icon-regular"
                      >
                        <WithStyles(ForwardRef(SvgIcon))
                          className="icon-regular"
                        >
                          <ForwardRef(SvgIcon)
                            className="icon-regular"
                            classes={
                              Object {
                                "colorAction": "MuiSvgIcon-colorAction",
                                "colorDisabled": "MuiSvgIcon-colorDisabled",
                                "colorError": "MuiSvgIcon-colorError",
                                "colorPrimary": "MuiSvgIcon-colorPrimary",
                                "colorSecondary": "MuiSvgIcon-colorSecondary",
                                "fontSizeInherit": "MuiSvgIcon-fontSizeInherit",
                                "fontSizeLarge": "MuiSvgIcon-fontSizeLarge",
                                "fontSizeSmall": "MuiSvgIcon-fontSizeSmall",
                                "root": "MuiSvgIcon-root",
                              }
                            }
                          >
                            <svg
                              aria-hidden={true}
                              className="MuiSvgIcon-root icon-regular"
                              focusable="false"
                              viewBox="0 0 24 24"
                            >
                              <path
                                d="M15.95 10.78c.03-.25.05-.51.05-.78s-.02-.53-.06-.78l1.69-1.32c.15-.12.19-.34.1-.51l-1.6-2.77c-.1-.18-.31-.24-.49-.18l-1.99.8c-.42-.32-.86-.58-1.35-.78L12 2.34c-.03-.2-.2-.34-.4-.34H8.4c-.2 0-.36.14-.39.34l-.3 2.12c-.49.2-.94.47-1.35.78l-1.99-.8c-.18-.07-.39 0-.49.18l-1.6 2.77c-.1.18-.06.39.1.51l1.69 1.32c-.04.25-.07.52-.07.78s.02.53.06.78L2.37 12.1c-.15.12-.19.34-.1.51l1.6 2.77c.1.18.31.24.49.18l1.99-.8c.42.32.86.58 1.35.78l.3 2.12c.04.2.2.34.4.34h3.2c.2 0 .37-.14.39-.34l.3-2.12c.49-.2.94-.47 1.35-.78l1.99.8c.18.07.39 0 .49-.18l1.6-2.77c.1-.18.06-.39-.1-.51l-1.67-1.32zM10 13c-1.65 0-3-1.35-3-3s1.35-3 3-3 3 1.35 3 3-1.35 3-3 3z"
                                transform="scale(1.2, 1.2)"
                              />
                            </svg>
                          </ForwardRef(SvgIcon)>
                        </WithStyles(ForwardRef(SvgIcon))>
                      </ForwardRef>
                    </div>
                    <span>
                      CONFIGURATION
                    </span>
                    <div
                      className="iconWarning"
                      title="Configuration is not completed"
                    >
                      <ForwardRef
                        className="icon-regular warning"
                      >
                        <WithStyles(ForwardRef(SvgIcon))
                          className="icon-regular warning"
                        >
                          <ForwardRef(SvgIcon)
                            className="icon-regular warning"
                            classes={
                              Object {
                                "colorAction": "MuiSvgIcon-colorAction",
                                "colorDisabled": "MuiSvgIcon-colorDisabled",
                                "colorError": "MuiSvgIcon-colorError",
                                "colorPrimary": "MuiSvgIcon-colorPrimary",
                                "colorSecondary": "MuiSvgIcon-colorSecondary",
                                "fontSizeInherit": "MuiSvgIcon-fontSizeInherit",
                                "fontSizeLarge": "MuiSvgIcon-fontSizeLarge",
                                "fontSizeSmall": "MuiSvgIcon-fontSizeSmall",
                                "root": "MuiSvgIcon-root",
                              }
                            }
                          >
                            <svg
                              aria-hidden={true}
                              className="MuiSvgIcon-root icon-regular warning"
                              focusable="false"
                              viewBox="0 0 24 24"
                            >
                              <path
                                d="M1 21h22L12 2 1 21zm12-3h-2v-2h2v2zm0-4h-2v-4h2v4z"
                              />
                            </svg>
                          </ForwardRef(SvgIcon)>
                        </WithStyles(ForwardRef(SvgIcon))>
                      </ForwardRef>
                    </div>
                  </div>
                </a>
              </LinkAnchor>
            </Link>
          </NavLink>
        </VersionMenuItem>
      </div>
    </VersionMenu>
  </Router>
</BrowserRouter>
`;
