// Jest Snapshot v1, https://goo.gl/fbAQLP

exports[`Select matches snapshot 1`] = `
<div
  className="default container"
>
  <InputLabel
    text="Select"
  />
  <div
    className="inputContainer"
  >
    <div
      className="input placeholder"
      onClick={[Function]}
      style={
        Object {
          "height": 40,
        }
      }
    >
      placeholder
    </div>
    <div
      className="optionsContainer"
      style={
        Object {
          "maxHeight": 0,
        }
      }
    >
      <div
        className="optionElement selected"
        key="selectOption_empty"
        onClick={[Function]}
      >
        <div
          className="defaultOption"
        >
          All
        </div>
      </div>
      <div
        className="optionElement"
        key="Option A-0"
        onClick={[Function]}
      >
        <div
          className="defaultOption"
        >
          Option A
        </div>
      </div>
      <div
        className="optionElement"
        key="Option B-1"
        onClick={[Function]}
      >
        <div
          className="defaultOption"
        >
          Option B
        </div>
      </div>
      <div
        className="optionElement"
        key="Option C-2"
        onClick={[Function]}
      >
        <div
          className="defaultOption"
        >
          Option C
        </div>
      </div>
    </div>
  </div>
  <InputError
    message=""
  />
</div>
`;
