// Jest Snapshot v1, https://goo.gl/fbAQLP

exports[`Tooltip matches snapshot 1`] = `
<Wrapper>
  <Tooltip
    onTooltipEnter={[Function]}
    onTooltipLeave={[Function]}
    tooltipContentRef={null}
    tooltipHeader={
      Object {
        "Icon": null,
        "title": "Some title",
      }
    }
    tooltipHeaderRef={null}
    tooltipRef={null}
    tooltipStatus="STARTED"
    tooltipVisible={true}
  >
    <div
      className="wrapper STARTED show"
      onMouseEnter={[Function]}
      onMouseLeave={[Function]}
    >
      <div
        className="container"
      >
        <div
          className="header"
        >
          <WithStyles(ForwardRef(SvgIcon))
            className="icon-regular STARTED"
          >
            <ForwardRef(SvgIcon)
              className="icon-regular STARTED"
              classes={
                Object {
                  "colorAction": "MuiSvgIcon-colorAction",
                  "colorDisabled": "MuiSvgIcon-colorDisabled",
                  "colorError": "MuiSvgIcon-colorError",
                  "colorPrimary": "MuiSvgIcon-colorPrimary",
                  "colorSecondary": "MuiSvgIcon-colorSecondary",
                  "fontSizeInherit": "MuiSvgIcon-fontSizeInherit",
                  "fontSizeLarge": "MuiSvgIcon-fontSizeLarge",
                  "fontSizeSmall": "MuiSvgIcon-fontSizeSmall",
                  "root": "MuiSvgIcon-root",
                }
              }
            >
              <svg
                aria-hidden={true}
                className="MuiSvgIcon-root icon-regular STARTED"
                focusable="false"
                viewBox="0 0 24 24"
              />
            </ForwardRef(SvgIcon)>
          </WithStyles(ForwardRef(SvgIcon))>
          <div
            className="title"
          >
            Some title
          </div>
        </div>
        <div
          className="content"
        >
          <EntrypointTooltipContent
            entrypointAddress="some.url"
          >
            <div
              className="wrapper"
            >
              <span
                className="address"
              >
                some.url
              </span>
              <P
                Icon={
                  Object {
                    "$$typeof": Symbol(react.memo),
                    "compare": null,
                    "type": Object {
                      "$$typeof": Symbol(react.forward_ref),
                      "render": [Function],
                    },
                  }
                }
                className="copyButton"
                label=""
                onClick={[Function]}
              >
                <div
                  className="copyButton _1lqJX _3kQFd _zeH0N _3Z9XS undefined"
                  onClick={[Function]}
                  onKeyPress={[Function]}
                  style={
                    Object {
                      "height": 40,
                      "lineHeight": "40px",
                    }
                  }
                  tabIndex={-1}
                  title=""
                >
                  <ForwardRef(FileCopyIcon)
                    className="icon-small"
                  >
                    <WithStyles(ForwardRef(SvgIcon))
                      className="icon-small"
                    >
                      <ForwardRef(SvgIcon)
                        className="icon-small"
                        classes={
                          Object {
                            "colorAction": "MuiSvgIcon-colorAction",
                            "colorDisabled": "MuiSvgIcon-colorDisabled",
                            "colorError": "MuiSvgIcon-colorError",
                            "colorPrimary": "MuiSvgIcon-colorPrimary",
                            "colorSecondary": "MuiSvgIcon-colorSecondary",
                            "fontSizeInherit": "MuiSvgIcon-fontSizeInherit",
                            "fontSizeLarge": "MuiSvgIcon-fontSizeLarge",
                            "fontSizeSmall": "MuiSvgIcon-fontSizeSmall",
                            "root": "MuiSvgIcon-root",
                          }
                        }
                      >
                        <svg
                          aria-hidden={true}
                          className="MuiSvgIcon-root icon-small"
                          focusable="false"
                          viewBox="0 0 24 24"
                        >
                          <path
                            d="M16 1H4c-1.1 0-2 .9-2 2v14h2V3h12V1zm-1 4l6 6v10c0 1.1-.9 2-2 2H7.99C6.89 23 6 22.1 6 21l.01-14c0-1.1.89-2 1.99-2h7zm-1 7h5.5L14 6.5V12z"
                          />
                        </svg>
                      </ForwardRef(SvgIcon)>
                    </WithStyles(ForwardRef(SvgIcon))>
                  </ForwardRef(FileCopyIcon)>
                  <span />
                </div>
              </P>
            </div>
          </EntrypointTooltipContent>
        </div>
      </div>
      <div
        className="separator"
      />
    </div>
  </Tooltip>
</Wrapper>
`;
