// Jest Snapshot v1, https://goo.gl/fbAQLP

exports[`Renders Settings without crashing 1`] = `
<div>
  <div
    class="splash"
    data-testid="splashscreen"
  />
  <div
    class="content"
  >
    <div
      class="_3saxo"
      data-testid="spinner"
      style="width: 125px; height: 125px;"
    >
      <div
        style="width: 125px; height: 125px; overflow: hidden; margin: 0px auto; outline: none;"
      >
        <svg
          height="240"
          preserveAspectRatio="xMidYMid meet"
          style="width: 100%; height: 100%; transform: translate3d(0,0,0);"
          viewBox="0 0 240 240"
          width="240"
          xmlns="http://www.w3.org/2000/svg"
        >
          <defs>
            <clippath
              id="__lottie_element_2"
            >
              <rect
                height="240"
                width="240"
                x="0"
                y="0"
              />
            </clippath>
            <clippath
              id="__lottie_element_5"
            >
              <path
                d="M0,0 L240,0 L240,240 L0,240z"
              />
            </clippath>
            <clippath
              id="__lottie_element_15"
            >
              <path
                d="M0,0 L240,0 L240,240 L0,240z"
              />
            </clippath>
            <clippath
              id="__lottie_element_25"
            >
              <path
                d="M0,0 L240,0 L240,240 L0,240z"
              />
            </clippath>
            <clippath
              id="__lottie_element_35"
            >
              <path
                d="M0,0 L240,0 L240,240 L0,240z"
              />
            </clippath>
            <clippath
              id="__lottie_element_45"
            >
              <path
                d="M0,0 L240,0 L240,240 L0,240z"
              />
            </clippath>
            <clippath
              id="__lottie_element_55"
            >
              <path
                d="M0,0 L240,0 L240,240 L0,240z"
              />
            </clippath>
            <clippath
              id="__lottie_element_65"
            >
              <path
                d="M0,0 L240,0 L240,240 L0,240z"
              />
            </clippath>
            <clippath
              id="__lottie_element_75"
            >
              <path
                d="M0,0 L240,0 L240,240 L0,240z"
              />
            </clippath>
          </defs>
          <g
            clip-path="url(#__lottie_element_2)"
          >
            <g
              opacity="1"
              style="display: block;"
              transform="matrix(0.8999999761581421,0,0,0.8999999761581421,120,120)"
            >
              <g
                opacity="1"
                transform="matrix(1,0,0,1,0,0)"
              >
                <path
                  d=" M0,-65 C35.87350082397461,-65 65,-35.87350082397461 65,0 C65,35.87350082397461 35.87350082397461,65 0,65 C-35.87350082397461,65 -65,35.87350082397461 -65,0 C-65,-35.87350082397461 -35.87350082397461,-65 0,-65z"
                  fill-opacity="0"
                  stroke="rgb(0,207,255)"
                  stroke-linecap="butt"
                  stroke-linejoin="miter"
                  stroke-miterlimit="4"
                  stroke-opacity="1"
                  stroke-width="2"
                />
              </g>
            </g>
            <g
              opacity="0.19"
              style="display: block;"
              transform="matrix(-0.12860608100891113,-0.09169714897871017,0.09169714897871017,-0.12860608100891113,175.84800720214844,108.85103607177734)"
            >
              <g
                opacity="1"
                transform="matrix(1,0,0,1,0,0)"
              >
                <path
                  d=" M0,-120 C66.22799682617188,-120 120,-66.22799682617188 120,0 C120,66.22799682617188 66.22799682617188,120 0,120 C-66.22799682617188,120 -120,66.22799682617188 -120,0 C-120,-66.22799682617188 -66.22799682617188,-120 0,-120z"
                  fill="rgb(0,207,255)"
                  fill-opacity="1"
                />
              </g>
            </g>
            <g
              opacity="0.9500000000000001"
              style="display: block;"
              transform="matrix(-0.08120838552713394,-0.057902220636606216,0.057902220636606216,-0.08120838552713394,175.84800720214844,108.85103607177734)"
            >
              <g
                opacity="1"
                transform="matrix(1,0,0,1,0,0)"
              >
                <path
                  d=" M0,-120 C66.22799682617188,-120 120,-66.22799682617188 120,0 C120,66.22799682617188 66.22799682617188,120 0,120 C-66.22799682617188,120 -120,66.22799682617188 -120,0 C-120,-66.22799682617188 -66.22799682617188,-120 0,-120z"
                  fill="rgb(0,207,255)"
                  fill-opacity="1"
                />
              </g>
            </g>
            <g
              clip-path="url(#__lottie_element_75)"
              opacity="1"
              style="display: block;"
              transform="matrix(0.5224999785423279,0.000047123889089562,-0.000047123889089562,0.5224999785423279,101.39936065673828,18.396812438964844)"
            >
              <g
                opacity="0.2"
                style="display: block;"
                transform="matrix(0,0,0,0,120,120)"
              >
                <g
                  opacity="1"
                  transform="matrix(1,0,0,1,0,0)"
                >
                  <path
                    d=" M0,-120 C66.22799682617188,-120 120,-66.22799682617188 120,0 C120,66.22799682617188 66.22799682617188,120 0,120 C-66.22799682617188,120 -120,66.22799682617188 -120,0 C-120,-66.22799682617188 -66.22799682617188,-120 0,-120z"
                    fill="rgb(0,207,255)"
                    fill-opacity="1"
                  />
                </g>
              </g>
              <g
                style="display: none;"
              >
                <g>
                  <path />
                </g>
              </g>
            </g>
            <g
              clip-path="url(#__lottie_element_65)"
              style="display: none;"
            >
              <g
                style="display: none;"
              >
                <g>
                  <path />
                </g>
              </g>
              <g
                style="display: none;"
              >
                <g>
                  <path />
                </g>
              </g>
            </g>
            <g
              clip-path="url(#__lottie_element_55)"
              style="display: none;"
            >
              <g
                style="display: none;"
              >
                <g>
                  <path />
                </g>
              </g>
              <g
                style="display: none;"
              >
                <g>
                  <path />
                </g>
              </g>
            </g>
            <g
              clip-path="url(#__lottie_element_45)"
              style="display: none;"
            >
              <g
                style="display: none;"
              >
                <g>
                  <path />
                </g>
              </g>
              <g
                style="display: none;"
              >
                <g>
                  <path />
                </g>
              </g>
            </g>
            <g
              clip-path="url(#__lottie_element_35)"
              style="display: none;"
            >
              <g
                style="display: none;"
              >
                <g>
                  <path />
                </g>
              </g>
              <g
                style="display: none;"
              >
                <g>
                  <path />
                </g>
              </g>
            </g>
            <g
              clip-path="url(#__lottie_element_25)"
              style="display: none;"
            >
              <g
                style="display: none;"
              >
                <g>
                  <path />
                </g>
              </g>
              <g
                style="display: none;"
              >
                <g>
                  <path />
                </g>
              </g>
            </g>
            <g
              clip-path="url(#__lottie_element_15)"
              style="display: none;"
            >
              <g
                style="display: none;"
              >
                <g>
                  <path />
                </g>
              </g>
              <g
                style="display: none;"
              >
                <g>
                  <path />
                </g>
              </g>
            </g>
            <g
              clip-path="url(#__lottie_element_5)"
              style="display: none;"
            >
              <g
                style="display: none;"
              >
                <g>
                  <path />
                </g>
              </g>
              <g
                style="display: none;"
              >
                <g>
                  <path />
                </g>
              </g>
            </g>
          </g>
        </svg>
      </div>
    </div>
    <div
      class="container"
      data-testid="settingsContainer"
    >
      <div
        class="container"
      >
        <div
          class="header"
        >
          <div
            class="back"
          >
            <svg
              aria-hidden="true"
              class="MuiSvgIcon-root icon-regular"
              focusable="false"
              viewBox="0 0 24 24"
            >
              <path
                d="M21 11H6.83l3.58-3.59L9 6l-6 6 6 6 1.41-1.41L6.83 13H21z"
              />
            </svg>
            <span
              class="title"
            >
              Settings
            </span>
          </div>
          <div
            class="description"
          />
        </div>
        <div
          class="navButtons"
        >
          <div>
            <a
              class=""
              href="/settings/general"
            >
              <div
                class="item size_m"
              >
                <svg
                  aria-hidden="true"
                  class="MuiSvgIcon-root icon-regular"
                  focusable="false"
                  viewBox="0 0 24 24"
                >
                  <path
                    d="M17 16l-4-4V8.82C14.16 8.4 15 7.3 15 6c0-1.66-1.34-3-3-3S9 4.34 9 6c0 1.3.84 2.4 2 2.82V12l-4 4H3v5h5v-3.05l4-4.2 4 4.2V21h5v-5h-4z"
                  />
                </svg>
                <span>
                  GENERAL
                </span>
              </div>
            </a>
            <a
              class=""
              href="/settings/security"
            >
              <div
                class="item size_m"
              >
                <svg
                  aria-hidden="true"
                  class="MuiSvgIcon-root icon-regular"
                  focusable="false"
                  viewBox="0 0 24 24"
                >
                  <path
                    d="M12 1L3 5v6c0 5.55 3.84 10.74 9 12 5.16-1.26 9-6.45 9-12V5l-9-4zm0 10.99h7c-.53 4.12-3.28 7.79-7 8.94V12H5V6.3l7-3.11v8.8z"
                  />
                </svg>
                <span>
                  SECURITY
                </span>
              </div>
            </a>
            <a
              class=""
              href="/settings/users"
            >
              <div
                class="item size_m"
              >
                <svg
                  aria-hidden="true"
                  class="MuiSvgIcon-root icon-regular"
                  focusable="false"
                  viewBox="0 0 24 24"
                >
                  <path
                    d="M16.5 12c1.38 0 2.49-1.12 2.49-2.5S17.88 7 16.5 7C15.12 7 14 8.12 14 9.5s1.12 2.5 2.5 2.5zM9 11c1.66 0 2.99-1.34 2.99-3S10.66 5 9 5C7.34 5 6 6.34 6 8s1.34 3 3 3zm7.5 3c-1.83 0-5.5.92-5.5 2.75V19h11v-2.25c0-1.83-3.67-2.75-5.5-2.75zM9 13c-2.33 0-7 1.17-7 3.5V19h7v-2.25c0-.85.33-2.34 2.37-3.47C10.5 13.1 9.66 13 9 13z"
                  />
                </svg>
                <span>
                  USERS
                </span>
              </div>
            </a>
          </div>
        </div>
      </div>
      <div
        class="content"
      />
    </div>
  </div>
</div>
`;
