// Jest Snapshot v1, https://goo.gl/fbAQLP

exports[`InputLabel matches snapshot 1`] = `
<label
  className="label"
  data-testid="label"
>
  SOME MESSAGE
</label>
`;
