// Jest Snapshot v1, https://goo.gl/fbAQLP

exports[`SearchSelect component Search items should render the list with the matching elements 1`] = `
Array [
  <li
    className=""
    key="bar-0"
    onClick={[Function]}
  >
    bar
  </li>,
  <li
    className=""
    key="baz-1"
    onClick={[Function]}
  >
    baz
  </li>,
]
`;

exports[`SearchSelect component should render without crashing 1`] = `
<div
  className="container"
>
  <InputLabel
    text=""
  />
  <input
    autoComplete="off"
    className="input"
    name="searchSelect"
    onBlur={[Function]}
    onChange={[Function]}
    onKeyDown={[Function]}
    placeholder=""
    type="text"
    value=""
  />
  <ul
    className="optionsList"
  />
  <InputError
    message=""
  />
</div>
`;
