// Jest Snapshot v1, https://goo.gl/fbAQLP

exports[`App matches snapshot 1`] = `
<div
  className="container"
>
  <div
    className="label error"
  >
    ERROR
  </div>
  <div
    className="message"
    title="some message"
  >
    some message
  </div>
  <A
    label="GO TO RUNTIME"
    to="/runtimes/runtimeID"
  />
</div>
`;
