// Jest Snapshot v1, https://goo.gl/fbAQLP

exports[`PageBase matches snapshot 1`] = `
<Fragment>
  <Memo(Header) />
  <div
    className="content"
  >
    <Memo(NavigationBar) />
    <div
      className="element"
    >
      Element
    </div>
  </div>
</Fragment>
`;
