// Jest Snapshot v1, https://goo.gl/fbAQLP

exports[`VersionSideBar matches snapshot 1`] = `
<div
  className="wrapper"
  data-testid="versionSidebar"
>
  <BackButton
    runtime={
      Object {
        "__typename": "Runtime",
        "creationDate": "creationDate",
        "databaseUrl": "databaseUrl",
        "description": "Some Description",
        "entrypointAddress": "entrypointAddress",
        "id": "runtimeId",
        "measurementsUrl": "measurementsUrl",
        "name": "runtimeName",
      }
    }
  />
  <RuntimeMenu
    runtime={
      Object {
        "__typename": "Runtime",
        "creationDate": "creationDate",
        "databaseUrl": "databaseUrl",
        "description": "Some Description",
        "entrypointAddress": "entrypointAddress",
        "id": "runtimeId",
        "measurementsUrl": "measurementsUrl",
        "name": "runtimeName",
      }
    }
  />
  <VersionInfo
    version={
      Object {
        "__typename": "Version",
        "config": Object {
          "__typename": "VersionUserConfig",
          "completed": false,
        },
        "creationAuthor": Object {
          "__typename": "User",
          "email": "user@domain.com",
          "id": "userId",
        },
        "creationDate": "2020/01/01",
        "description": "versionDescription",
        "errors": Array [],
        "hasDoc": false,
        "id": "versionId",
        "name": "versionName",
        "publicationAuthor": Object {
          "__typename": "User",
          "email": "user@domain.com",
          "id": "userId",
        },
        "publicationDate": "2020/01/01",
        "status": "STARTED",
      }
    }
  />
  <VersionMenu
    runtime={
      Object {
        "__typename": "Runtime",
        "creationDate": "creationDate",
        "databaseUrl": "databaseUrl",
        "description": "Some Description",
        "entrypointAddress": "entrypointAddress",
        "id": "runtimeId",
        "measurementsUrl": "measurementsUrl",
        "name": "runtimeName",
      }
    }
    version={
      Object {
        "__typename": "Version",
        "config": Object {
          "__typename": "VersionUserConfig",
          "completed": false,
        },
        "creationAuthor": Object {
          "__typename": "User",
          "email": "user@domain.com",
          "id": "userId",
        },
        "creationDate": "2020/01/01",
        "description": "versionDescription",
        "errors": Array [],
        "hasDoc": false,
        "id": "versionId",
        "name": "versionName",
        "publicationAuthor": Object {
          "__typename": "User",
          "email": "user@domain.com",
          "id": "userId",
        },
        "publicationDate": "2020/01/01",
        "status": "STARTED",
      }
    }
  />
  <Can
    perform="version:edit"
  >
    <VersionActions
      runtime={
        Object {
          "__typename": "Runtime",
          "creationDate": "creationDate",
          "databaseUrl": "databaseUrl",
          "description": "Some Description",
          "entrypointAddress": "entrypointAddress",
          "id": "runtimeId",
          "measurementsUrl": "measurementsUrl",
          "name": "runtimeName",
        }
      }
      version={
        Object {
          "__typename": "Version",
          "config": Object {
            "__typename": "VersionUserConfig",
            "completed": false,
          },
          "creationAuthor": Object {
            "__typename": "User",
            "email": "user@domain.com",
            "id": "userId",
          },
          "creationDate": "2020/01/01",
          "description": "versionDescription",
          "errors": Array [],
          "hasDoc": false,
          "id": "versionId",
          "name": "versionName",
          "publicationAuthor": Object {
            "__typename": "User",
            "email": "user@domain.com",
            "id": "userId",
          },
          "publicationDate": "2020/01/01",
          "status": "STARTED",
        }
      }
      versions={Array []}
    />
  </Can>
</div>
`;
