// Jest Snapshot v1, https://goo.gl/fbAQLP

exports[`BarChartSeries component should render without crashing 1`] = `
<div
  className="container"
>
  <svg
    height={100}
    width={100}
  />
</div>
`;
