// Jest Snapshot v1, https://goo.gl/fbAQLP

exports[`RuntimeVersions matches snapshot 1`] = `
<div
  className="content"
>
  <Component>
    Versions of runtime 
    runtimeName
  </Component>
  <div
    className="runtimeInfo"
  >
    <div
      className="infoFields"
    >
      <InfoField
        Icon={
          Object {
            "$$typeof": Symbol(react.memo),
            "compare": null,
            "displayName": "EmailIcon",
            "muiName": "SvgIcon",
            "type": Object {
              "$$typeof": Symbol(react.forward_ref),
              "render": [Function],
            },
          }
        }
        field="CREATOR"
        value="some@user.com"
      />
      <InfoField
        Icon={
          Object {
            "$$typeof": Symbol(react.memo),
            "compare": null,
            "displayName": "AccessTimeIcon",
            "muiName": "SvgIcon",
            "type": Object {
              "$$typeof": Symbol(react.forward_ref),
              "render": [Function],
            },
          }
        }
        field="CREATED"
        value="Invalid date"
      />
    </div>
    <p
      className="description"
    >
      Some Description
    </p>
  </div>
  <PublishedVersionStatus
    nPublishedVersions={0}
    noVersions={false}
  />
  <div
    className="versionList"
  >
    <VersionInfo
      key="versionId"
      version={
        Object {
          "__typename": "Version",
          "config": Object {
            "completed": false,
            "vars": Array [],
          },
          "creationAuthor": Object {
            "__typename": "User",
            "email": "user@domain.com",
            "id": "userId",
          },
          "creationDate": "2020/01/01",
          "description": "versionDescription",
          "errors": Array [],
          "hasDoc": false,
          "id": "versionId",
          "name": "versionName",
          "publicationAuthor": Object {
            "__typename": "User",
            "email": "user@domain.com",
            "id": "userId",
          },
          "publicationDate": "2020/01/01",
          "status": "STARTED",
        }
      }
    />
    <VersionInfo
      key="versionId"
      version={
        Object {
          "__typename": "Version",
          "config": Object {
            "completed": false,
            "vars": Array [],
          },
          "creationAuthor": Object {
            "__typename": "User",
            "email": "user@domain.com",
            "id": "userId",
          },
          "creationDate": "2020/01/01",
          "description": "versionDescription",
          "errors": Array [],
          "hasDoc": false,
          "id": "versionId",
          "name": "versionName",
          "publicationAuthor": Object {
            "__typename": "User",
            "email": "user@domain.com",
            "id": "userId",
          },
          "publicationDate": "2020/01/01",
          "status": "STARTED",
        }
      }
    />
  </div>
</div>
`;
