// Jest Snapshot v1, https://goo.gl/fbAQLP

exports[`Filters matches snapshot 1`] = `
<div
  className="container"
>
  <Left
    className="filterContainer leftContainer"
  >
    <div
      className="searchFilter"
    >
      <SearchSelect
        className="searchForm"
        hideError={true}
        hideLabel={true}
        onChange={[Function]}
        options={Array []}
        placeholder="Search"
        showSearchIcon={true}
      />
    </div>
    <div
      className="selectProcesses"
    >
      <GroupSelect
        className="selectProcessForm"
        formSelectedOptions={Object {}}
        hideError={true}
        hideSelections={true}
        label=""
        onChange={[Function]}
        options={
          Object {
            "": Array [
              "Entry points",
            ],
          }
        }
        placeholder="Select Processes"
      />
    </div>
  </Left>
  <Right
    className="filterContainer rightFilters"
  >
    <div
      className="filterLevel"
    >
      <MultiSelect
        formSelectedOptions={Array []}
        hideError={true}
        label=""
        onChange={[Function]}
        options={
          Array [
            Object {
              "Icon": <LevelIcon
                level="INFO"
              />,
              "label": "INFO",
            },
            Object {
              "Icon": <LevelIcon
                level="DEBUG"
              />,
              "label": "DEBUG",
            },
            Object {
              "Icon": <LevelIcon
                level="WARN"
              />,
              "label": "WARN",
            },
            Object {
              "Icon": <LevelIcon
                level="ERROR"
              />,
              "label": "ERROR",
            },
          ]
        }
        placeholder="ALL LEVELS"
        selectAllText="ALL LEVELS"
        selectionUnit="LEVEL"
        theme="light"
      />
    </div>
    <DateFilter
      formEndDate="2020-01-01"
      formStartDate="2020-01-01"
      selectedOption="2020-01-01"
    />
  </Right>
</div>
`;
