// Jest Snapshot v1, https://goo.gl/fbAQLP

exports[`HorizontalBar matches snapshot 1`] = `
<div
  className="container"
>
  <div
    className="childrenA"
  >
    A
  </div>
  <div
    className="childrenB"
  >
    B
  </div>
  <div
    className="childrenC"
  >
    C
  </div>
</div>
`;
