// Jest Snapshot v1, https://goo.gl/fbAQLP

exports[`Calendar matches snapshots 1`] = `
<div>
  <InputLabel
    text="calendar"
  />
  <withStyles(DateRangePicker)
    anchorDirection="left"
    appendToBody={false}
    block={false}
    calendarInfoPosition="bottom"
    customArrowIcon={
      <UNDEFINED
        className="icon-small"
      />
    }
    customCloseIcon={null}
    customInputIcon={null}
    dayPickerNavigationInlineStyles={null}
    daySize={39}
    disableScroll={false}
    disabled={false}
    displayFormat="MM/DD/YYYY"
    enableOutsideDays={false}
    endDate={null}
    endDateId="calendar_to_date"
    endDatePlaceholderText="To Date"
    firstDayOfWeek={null}
    focusedInput={null}
    hideKeyboardShortcutsPanel={false}
    horizontalMargin={0}
    initialVisibleMonth={null}
    inputIconPosition="before"
    isDayBlocked={[Function]}
    isDayHighlighted={[Function]}
    isOutsideRange={[Function]}
    isRTL={false}
    keepFocusOnInput={false}
    keepOpenOnDateSelect={false}
    minimumNights={0}
    monthFormat="MMMM YYYY"
    navNext={
      <div
        className="DayPickerNavigation_button DayPickerNavigation_button_1 DayPickerNavigation_button__default DayPickerNavigation_button__default_2 DayPickerNavigation_button__horizontal DayPickerNavigation_button__horizontal_3 DayPickerNavigation_button__horizontalDefault DayPickerNavigation_button__horizontalDefault_4 DayPickerNavigation_rightButton__horizontalDefault DayPickerNavigation_rightButton__horizontalDefault_5"
      >
        <UNDEFINED
          className="icon-small"
          style={
            Object {
              "margin": "0 8px",
            }
          }
        />
      </div>
    }
    navPosition="navPositionTop"
    navPrev={
      <div
        className="DayPickerNavigation_button DayPickerNavigation_button_1 DayPickerNavigation_button__default DayPickerNavigation_button__default_2 DayPickerNavigation_button__horizontal DayPickerNavigation_button__horizontal_3 DayPickerNavigation_button__horizontalDefault DayPickerNavigation_button__horizontalDefault_4 DayPickerNavigation_leftButton__horizontalDefault DayPickerNavigation_leftButton__horizontalDefault_5"
      >
        <UNDEFINED
          className="icon-small"
          style={
            Object {
              "margin": "0 8px",
            }
          }
        />
      </div>
    }
    noBorder={false}
    numberOfMonths={2}
    onClose={[Function]}
    onDatesChange={[Function]}
    onFocusChange={[Function]}
    onNextMonthClick={[Function]}
    onPrevMonthClick={[Function]}
    openDirection="down"
    orientation="horizontal"
    phrases={
      Object {
        "calendarLabel": "Calendar",
        "chooseAvailableEndDate": [Function],
        "chooseAvailableStartDate": [Function],
        "clearDates": "Clear Dates",
        "closeDatePicker": "Close",
        "dateIsSelected": [Function],
        "dateIsSelectedAsEndDate": [Function],
        "dateIsSelectedAsStartDate": [Function],
        "dateIsUnavailable": [Function],
        "enterKey": "Enter key",
        "escape": "Escape key",
        "focusStartDate": "Interact with the calendar and add the check-in date for your trip.",
        "hideKeyboardShortcutsPanel": "Close the shortcuts panel.",
        "homeEnd": "Home and end keys",
        "jumpToNextMonth": "Move forward to switch to the next month.",
        "jumpToPrevMonth": "Move backward to switch to the previous month.",
        "keyboardBackwardNavigationInstructions": "Navigate backward to interact with the calendar and select a date. Press the question mark key to get the keyboard shortcuts for changing dates.",
        "keyboardForwardNavigationInstructions": "Navigate forward to interact with the calendar and select a date. Press the question mark key to get the keyboard shortcuts for changing dates.",
        "keyboardShortcuts": "Keyboard Shortcuts",
        "leftArrowRightArrow": "Right and left arrow keys",
        "moveFocusByOneDay": "Move backward (left) and forward (right) by one day.",
        "moveFocusByOneMonth": "Switch months.",
        "moveFocusByOneWeek": "Move backward (up) and forward (down) by one week.",
        "moveFocustoStartAndEndOfWeek": "Go to the first or last day of a week.",
        "openThisPanel": "Open this panel.",
        "pageUpPageDown": "page up and page down keys",
        "questionMark": "Question mark",
        "returnFocusToInput": "Return to the date input field.",
        "roleDescription": "datepicker",
        "selectFocusedDate": "Select the date in focus.",
        "showKeyboardShortcutsPanel": "Open the keyboard shortcuts panel.",
        "upArrowDownArrow": "up and down arrow keys",
      }
    }
    readOnly={false}
    regular={false}
    renderCalendarInfo={[Function]}
    renderDayContents={null}
    renderMonthElement={null}
    renderMonthText={null}
    renderNavNextButton={null}
    renderNavPrevButton={null}
    renderWeekHeaderElement={null}
    reopenPickerOnClearDates={false}
    required={false}
    screenReaderInputMessage=""
    showClearDates={false}
    showDefaultInputIcon={false}
    small={false}
    startDate={null}
    startDateId="calendar_from_date"
    startDatePlaceholderText="From Date"
    verticalHeight={null}
    verticalSpacing={22}
    weekDayFormat="dd"
    withFullScreenPortal={false}
    withPortal={false}
  />
</div>
`;
