// Jest Snapshot v1, https://goo.gl/fbAQLP

exports[`FiltersBar matches snapshot 1`] = `
<form
  className="formField"
>
  <Select
    label="Activity type"
    onChange={[Function]}
    options={
      Array [
        "a",
        "b",
        "c",
      ]
    }
    placeholder="Activity type"
    valuesMapper={
      Object {
        "CREATE_RUNTIME": "Create Runtime",
        "CREATE_USER": "Create User",
        "CREATE_VERSION": "Create Version",
        "LOGIN": "Login",
        "LOGOUT": "Logout",
        "PUBLISH_VERSION": "Publish Version",
        "REMOVE_USERS": "Remove Users",
        "REVOKE_SESSIONS": "Revoke user sessions",
        "START_VERSION": "Start Version",
        "STOP_VERSION": "Stop Version",
        "UNPUBLISH_VERSION": "Unpublish Version",
        "UPDATE_ACCESS_LEVELS": "Update Access Levels",
        "UPDATE_SETTING": "Update Settings",
        "UPDATE_VERSION_CONFIGURATION": "Update Version Configuration",
      }
    }
  />
  <SearchSelect
    name="userEmail"
    onChange={[Function]}
    options={
      Array [
        "1",
        "2",
        "3",
      ]
    }
    placeholder="User email"
  />
  <Calendar
    hideError={true}
    onChangeFromDateInput={[Function]}
    onChangeToDateInput={[Function]}
  />
  <div
    className="buttons"
  >
    <Button
      border={true}
      label="SEARCH"
      onClick={[Function]}
      style={
        Object {
          "margin": "24px 0",
        }
      }
    />
    <Button
      label="CLEAR"
      onClick={[Function]}
      style={
        Object {
          "margin": "24px 0",
        }
      }
    />
  </div>
</form>
`;
