// Jest Snapshot v1, https://goo.gl/fbAQLP

exports[`BarChart component should render without crashing 1`] = `
<div
  className="container"
>
  <svg
    height={100}
    width={100}
  />
  <div
    className="chartTooltip"
  >
    <div
      className="tooltipContent"
    />
  </div>
</div>
`;
