// Jest Snapshot v1, https://goo.gl/fbAQLP

exports[`VersionSideBar matches snapshot 1`] = `
<div
  className="wrapper"
>
  <Link
    to="/runtimes/runtimeId"
  >
    <div
      className="backSection"
    >
      <KeyboardBackspaceIcon
        className="icon-regular"
      />
      <div
        className="runtimeHexagon"
      >
        <RuntimeHexagon
          runtime={
            Object {
              "__typename": "Runtime",
              "creationAuthor": Object {
                "email": "some@user.com",
              },
              "description": "Some Description",
              "id": "runtimeId",
              "measurementsUrl": "measurementsUrl",
              "name": "runtimeName",
              "status": "STARTED",
            }
          }
          size={18}
        />
      </div>
      <div
        className="runtimeName"
      >
        runtimeName
      </div>
    </div>
  </Link>
  <div
    className="runtimeNameSection"
  />
  <VersionInfo
    version={
      Object {
        "__typename": "Version",
        "config": Object {
          "completed": false,
          "vars": Array [],
        },
        "creationAuthor": Object {
          "__typename": "User",
          "email": "user@domain.com",
          "id": "userId",
        },
        "creationDate": "2020/01/01",
        "description": "versionDescription",
        "errors": Array [],
        "hasDoc": false,
        "id": "versionId",
        "name": "versionName",
        "publicationAuthor": Object {
          "__typename": "User",
          "email": "user@domain.com",
          "id": "userId",
        },
        "publicationDate": "2020/01/01",
        "status": "STARTED",
      }
    }
  />
  <VersionMenu
    runtime={
      Object {
        "__typename": "Runtime",
        "creationAuthor": Object {
          "email": "some@user.com",
        },
        "description": "Some Description",
        "id": "runtimeId",
        "measurementsUrl": "measurementsUrl",
        "name": "runtimeName",
        "status": "STARTED",
      }
    }
    version={
      Object {
        "__typename": "Version",
        "config": Object {
          "completed": false,
          "vars": Array [],
        },
        "creationAuthor": Object {
          "__typename": "User",
          "email": "user@domain.com",
          "id": "userId",
        },
        "creationDate": "2020/01/01",
        "description": "versionDescription",
        "errors": Array [],
        "hasDoc": false,
        "id": "versionId",
        "name": "versionName",
        "publicationAuthor": Object {
          "__typename": "User",
          "email": "user@domain.com",
          "id": "userId",
        },
        "publicationDate": "2020/01/01",
        "status": "STARTED",
      }
    }
  />
  <Can
    perform="version:edit"
  >
    <VersionActions
      runtime={
        Object {
          "__typename": "Runtime",
          "creationAuthor": Object {
            "email": "some@user.com",
          },
          "description": "Some Description",
          "id": "runtimeId",
          "measurementsUrl": "measurementsUrl",
          "name": "runtimeName",
          "status": "STARTED",
        }
      }
      version={
        Object {
          "__typename": "Version",
          "config": Object {
            "completed": false,
            "vars": Array [],
          },
          "creationAuthor": Object {
            "__typename": "User",
            "email": "user@domain.com",
            "id": "userId",
          },
          "creationDate": "2020/01/01",
          "description": "versionDescription",
          "errors": Array [],
          "hasDoc": false,
          "id": "versionId",
          "name": "versionName",
          "publicationAuthor": Object {
            "__typename": "User",
            "email": "user@domain.com",
            "id": "userId",
          },
          "publicationDate": "2020/01/01",
          "status": "STARTED",
        }
      }
      versions={Array []}
    />
  </Can>
</div>
`;
